// Jest Snapshot v1, https://goo.gl/fbAQLP

exports[`#bind() 0 throws if not a function 1`] = `"#<Object> is not a function"`;

exports[`#bind() 1 throws if not a function 1`] = `"#<Object> is not a function"`;
